// Jest Snapshot v1, https://goo.gl/fbAQLP

exports[`"format" option should work with png: result 1`] = `"3a2d2a9cc0565a79c59c8195e75e31b3.png"`;

exports[`"format" option should work with tiff: result 1`] = `"d926d8074986dbe0abeda91492586c1e.tiff"`;

exports[`"format" option should work with webp: result 1`] = `"378da26a9b7b9f1a740fbe95268d30ce.webp"`;
